[     577ms] [INFO] %cDownload the React DevTools for a better development experience: https://react.dev/link/react-devtools font-weight:bold @ http://localhost:3000/_next/static/chunks/node_modules_next_dist_1e8vcs8._.js:776
[     657ms] [LOG] [HMR] connected @ http://localhost:3000/_next/static/chunks/node_modules_next_dist_1e8vcs8._.js:776
[     878ms] [LOG] [Fast Refresh] rebuilding @ http://localhost:3000/_next/static/chunks/node_modules_next_dist_1e8vcs8._.js:776
[    2308ms] [LOG] [Fast Refresh] done in 1535ms @ http://localhost:3000/_next/static/chunks/node_modules_next_dist_1e8vcs8._.js:776
[   31525ms] [LOG] [Fast Refresh] rebuilding @ http://localhost:3000/_next/static/chunks/node_modules_next_dist_1e8vcs8._.js:776
[   32194ms] [ERROR] Failed to load resource: the server responded with a status of 404 (Not Found) @ http://localhost:3000/theme-debug?_rsc=YmxJhh44gTxn6LyD:0
[   32260ms] [ERROR] Failed to load resource: the server responded with a status of 404 (Not Found) @ http://localhost:3000/theme-debug?_rsc=YmxJhh44gTxn6LyD:0
[   32362ms] [ERROR] Failed to load resource: the server responded with a status of 404 (Not Found) @ http://localhost:3000/theme-debug:0
[   32468ms] [INFO] %cDownload the React DevTools for a better development experience: https://react.dev/link/react-devtools font-weight:bold @ http://localhost:3000/_next/static/chunks/node_modules_next_dist_1e8vcs8._.js:776
[   32484ms] [LOG] [HMR] connected @ http://localhost:3000/_next/static/chunks/node_modules_next_dist_1e8vcs8._.js:776
[   33888ms] [ERROR] Failed to load resource: the server responded with a status of 404 (Not Found) @ http://localhost:3000/theme-debug?_rsc=7TmJZH1YHwSue7fr:0
[   34232ms] [ERROR] Failed to load resource: the server responded with a status of 404 (Not Found) @ http://localhost:3000/theme-debug:0
[   34486ms] [INFO] %cDownload the React DevTools for a better development experience: https://react.dev/link/react-devtools font-weight:bold @ http://localhost:3000/_next/static/chunks/node_modules_next_dist_1e8vcs8._.js:776
[   34507ms] [LOG] [HMR] connected @ http://localhost:3000/_next/static/chunks/node_modules_next_dist_1e8vcs8._.js:776
[   40091ms] [LOG] [Fast Refresh] rebuilding @ http://localhost:3000/_next/static/chunks/node_modules_next_dist_1e8vcs8._.js:776
[   43575ms] [LOG] [Fast Refresh] done in 3593ms @ http://localhost:3000/_next/static/chunks/node_modules_next_dist_1e8vcs8._.js:776
[   43624ms] [LOG] [Fast Refresh] done in 3593ms @ http://localhost:3000/_next/static/chunks/node_modules_next_dist_1e8vcs8._.js:776
[   43705ms] [LOG] [Fast Refresh] done in 3593ms @ http://localhost:3000/_next/static/chunks/node_modules_next_dist_1e8vcs8._.js:776
[   43787ms] [LOG] [Fast Refresh] done in 3593ms @ http://localhost:3000/_next/static/chunks/node_modules_next_dist_1e8vcs8._.js:776
[   43883ms] [LOG] [Fast Refresh] done in 3593ms @ http://localhost:3000/_next/static/chunks/node_modules_next_dist_1e8vcs8._.js:776
[   43982ms] [LOG] [Fast Refresh] done in 3593ms @ http://localhost:3000/_next/static/chunks/node_modules_next_dist_1e8vcs8._.js:776
[   44073ms] [LOG] [Fast Refresh] done in 3593ms @ http://localhost:3000/_next/static/chunks/node_modules_next_dist_1e8vcs8._.js:776
[   44159ms] [LOG] [Fast Refresh] done in 3593ms @ http://localhost:3000/_next/static/chunks/node_modules_next_dist_1e8vcs8._.js:776
[   44241ms] [LOG] [Fast Refresh] done in 3593ms @ http://localhost:3000/_next/static/chunks/node_modules_next_dist_1e8vcs8._.js:776
[   44329ms] [LOG] [Fast Refresh] done in 3593ms @ http://localhost:3000/_next/static/chunks/node_modules_next_dist_1e8vcs8._.js:776
[   44412ms] [LOG] [Fast Refresh] done in 3593ms @ http://localhost:3000/_next/static/chunks/node_modules_next_dist_1e8vcs8._.js:776
[   44524ms] [LOG] [Fast Refresh] done in 3593ms @ http://localhost:3000/_next/static/chunks/node_modules_next_dist_1e8vcs8._.js:776
[   44627ms] [LOG] [Fast Refresh] done in 3593ms @ http://localhost:3000/_next/static/chunks/node_modules_next_dist_1e8vcs8._.js:776
[   44720ms] [LOG] [Fast Refresh] done in 3593ms @ http://localhost:3000/_next/static/chunks/node_modules_next_dist_1e8vcs8._.js:776
[   44801ms] [LOG] [Fast Refresh] done in 3593ms @ http://localhost:3000/_next/static/chunks/node_modules_next_dist_1e8vcs8._.js:776
[   44888ms] [LOG] [Fast Refresh] done in 3593ms @ http://localhost:3000/_next/static/chunks/node_modules_next_dist_1e8vcs8._.js:776
[   44972ms] [LOG] [Fast Refresh] done in 3593ms @ http://localhost:3000/_next/static/chunks/node_modules_next_dist_1e8vcs8._.js:776
[   45057ms] [LOG] [Fast Refresh] done in 3593ms @ http://localhost:3000/_next/static/chunks/node_modules_next_dist_1e8vcs8._.js:776
[   45131ms] [LOG] [Fast Refresh] done in 3593ms @ http://localhost:3000/_next/static/chunks/node_modules_next_dist_1e8vcs8._.js:776
[   45193ms] [LOG] [Fast Refresh] done in 3593ms @ http://localhost:3000/_next/static/chunks/node_modules_next_dist_1e8vcs8._.js:776
[   45245ms] [LOG] [Fast Refresh] done in 3593ms @ http://localhost:3000/_next/static/chunks/node_modules_next_dist_1e8vcs8._.js:776
[   45306ms] [LOG] [Fast Refresh] done in 3593ms @ http://localhost:3000/_next/static/chunks/node_modules_next_dist_1e8vcs8._.js:776
[   45368ms] [LOG] [Fast Refresh] done in 3593ms @ http://localhost:3000/_next/static/chunks/node_modules_next_dist_1e8vcs8._.js:776
[   45429ms] [LOG] [Fast Refresh] done in 3593ms @ http://localhost:3000/_next/static/chunks/node_modules_next_dist_1e8vcs8._.js:776
[   45491ms] [LOG] [Fast Refresh] done in 3593ms @ http://localhost:3000/_next/static/chunks/node_modules_next_dist_1e8vcs8._.js:776
[   45553ms] [LOG] [Fast Refresh] done in 3593ms @ http://localhost:3000/_next/static/chunks/node_modules_next_dist_1e8vcs8._.js:776
[   45617ms] [LOG] [Fast Refresh] done in 3593ms @ http://localhost:3000/_next/static/chunks/node_modules_next_dist_1e8vcs8._.js:776
[   45679ms] [LOG] [Fast Refresh] done in 3593ms @ http://localhost:3000/_next/static/chunks/node_modules_next_dist_1e8vcs8._.js:776
[   45741ms] [LOG] [Fast Refresh] done in 3593ms @ http://localhost:3000/_next/static/chunks/node_modules_next_dist_1e8vcs8._.js:776
[   45803ms] [LOG] [Fast Refresh] done in 3593ms @ http://localhost:3000/_next/static/chunks/node_modules_next_dist_1e8vcs8._.js:776
[   45864ms] [LOG] [Fast Refresh] done in 3593ms @ http://localhost:3000/_next/static/chunks/node_modules_next_dist_1e8vcs8._.js:776
[   45925ms] [LOG] [Fast Refresh] done in 3593ms @ http://localhost:3000/_next/static/chunks/node_modules_next_dist_1e8vcs8._.js:776
[   45988ms] [LOG] [Fast Refresh] done in 3593ms @ http://localhost:3000/_next/static/chunks/node_modules_next_dist_1e8vcs8._.js:776
[   46050ms] [LOG] [Fast Refresh] done in 3593ms @ http://localhost:3000/_next/static/chunks/node_modules_next_dist_1e8vcs8._.js:776
[   46111ms] [LOG] [Fast Refresh] done in 3593ms @ http://localhost:3000/_next/static/chunks/node_modules_next_dist_1e8vcs8._.js:776
[   46173ms] [LOG] [Fast Refresh] done in 3593ms @ http://localhost:3000/_next/static/chunks/node_modules_next_dist_1e8vcs8._.js:776
[   46235ms] [LOG] [Fast Refresh] done in 3593ms @ http://localhost:3000/_next/static/chunks/node_modules_next_dist_1e8vcs8._.js:776
[   46297ms] [LOG] [Fast Refresh] done in 3593ms @ http://localhost:3000/_next/static/chunks/node_modules_next_dist_1e8vcs8._.js:776
[   46359ms] [LOG] [Fast Refresh] done in 3593ms @ http://localhost:3000/_next/static/chunks/node_modules_next_dist_1e8vcs8._.js:776
[   46420ms] [LOG] [Fast Refresh] done in 3593ms @ http://localhost:3000/_next/static/chunks/node_modules_next_dist_1e8vcs8._.js:776
[   46481ms] [LOG] [Fast Refresh] done in 3593ms @ http://localhost:3000/_next/static/chunks/node_modules_next_dist_1e8vcs8._.js:776
[   46543ms] [LOG] [Fast Refresh] done in 3593ms @ http://localhost:3000/_next/static/chunks/node_modules_next_dist_1e8vcs8._.js:776
[   46605ms] [LOG] [Fast Refresh] done in 3593ms @ http://localhost:3000/_next/static/chunks/node_modules_next_dist_1e8vcs8._.js:776
[   46667ms] [LOG] [Fast Refresh] done in 3593ms @ http://localhost:3000/_next/static/chunks/node_modules_next_dist_1e8vcs8._.js:776
[   46729ms] [LOG] [Fast Refresh] done in 3593ms @ http://localhost:3000/_next/static/chunks/node_modules_next_dist_1e8vcs8._.js:776
[   46792ms] [LOG] [Fast Refresh] done in 3593ms @ http://localhost:3000/_next/static/chunks/node_modules_next_dist_1e8vcs8._.js:776
[   46855ms] [LOG] [Fast Refresh] done in 3593ms @ http://localhost:3000/_next/static/chunks/node_modules_next_dist_1e8vcs8._.js:776
[   46917ms] [LOG] [Fast Refresh] done in 3593ms @ http://localhost:3000/_next/static/chunks/node_modules_next_dist_1e8vcs8._.js:776
[   46979ms] [LOG] [Fast Refresh] done in 3593ms @ http://localhost:3000/_next/static/chunks/node_modules_next_dist_1e8vcs8._.js:776
[   47043ms] [LOG] [Fast Refresh] done in 3593ms @ http://localhost:3000/_next/static/chunks/node_modules_next_dist_1e8vcs8._.js:776
[   47105ms] [LOG] [Fast Refresh] done in 3593ms @ http://localhost:3000/_next/static/chunks/node_modules_next_dist_1e8vcs8._.js:776
[   47159ms] [LOG] [Fast Refresh] done in 3593ms @ http://localhost:3000/_next/static/chunks/node_modules_next_dist_1e8vcs8._.js:776
[   47218ms] [LOG] [Fast Refresh] done in 3593ms @ http://localhost:3000/_next/static/chunks/node_modules_next_dist_1e8vcs8._.js:776
[   47283ms] [LOG] [Fast Refresh] done in 3593ms @ http://localhost:3000/_next/static/chunks/node_modules_next_dist_1e8vcs8._.js:776
[   47345ms] [LOG] [Fast Refresh] done in 3593ms @ http://localhost:3000/_next/static/chunks/node_modules_next_dist_1e8vcs8._.js:776
[   47406ms] [LOG] [Fast Refresh] done in 3593ms @ http://localhost:3000/_next/static/chunks/node_modules_next_dist_1e8vcs8._.js:776
[   47468ms] [LOG] [Fast Refresh] done in 3593ms @ http://localhost:3000/_next/static/chunks/node_modules_next_dist_1e8vcs8._.js:776
[   47529ms] [LOG] [Fast Refresh] done in 3593ms @ http://localhost:3000/_next/static/chunks/node_modules_next_dist_1e8vcs8._.js:776
[   47591ms] [LOG] [Fast Refresh] done in 3593ms @ http://localhost:3000/_next/static/chunks/node_modules_next_dist_1e8vcs8._.js:776
[   47652ms] [LOG] [Fast Refresh] done in 3593ms @ http://localhost:3000/_next/static/chunks/node_modules_next_dist_1e8vcs8._.js:776
[   47715ms] [LOG] [Fast Refresh] done in 3593ms @ http://localhost:3000/_next/static/chunks/node_modules_next_dist_1e8vcs8._.js:776
[   47777ms] [LOG] [Fast Refresh] done in 3593ms @ http://localhost:3000/_next/static/chunks/node_modules_next_dist_1e8vcs8._.js:776
[   47839ms] [LOG] [Fast Refresh] done in 3593ms @ http://localhost:3000/_next/static/chunks/node_modules_next_dist_1e8vcs8._.js:776
[   47901ms] [LOG] [Fast Refresh] done in 3593ms @ http://localhost:3000/_next/static/chunks/node_modules_next_dist_1e8vcs8._.js:776
[   47962ms] [LOG] [Fast Refresh] done in 3593ms @ http://localhost:3000/_next/static/chunks/node_modules_next_dist_1e8vcs8._.js:776
[   48024ms] [LOG] [Fast Refresh] done in 3593ms @ http://localhost:3000/_next/static/chunks/node_modules_next_dist_1e8vcs8._.js:776
[   48086ms] [LOG] [Fast Refresh] done in 3593ms @ http://localhost:3000/_next/static/chunks/node_modules_next_dist_1e8vcs8._.js:776
[   48147ms] [LOG] [Fast Refresh] done in 3593ms @ http://localhost:3000/_next/static/chunks/node_modules_next_dist_1e8vcs8._.js:776
[   48209ms] [LOG] [Fast Refresh] done in 3593ms @ http://localhost:3000/_next/static/chunks/node_modules_next_dist_1e8vcs8._.js:776
[   48270ms] [LOG] [Fast Refresh] done in 3593ms @ http://localhost:3000/_next/static/chunks/node_modules_next_dist_1e8vcs8._.js:776
[   48332ms] [LOG] [Fast Refresh] done in 3593ms @ http://localhost:3000/_next/static/chunks/node_modules_next_dist_1e8vcs8._.js:776
[   48395ms] [LOG] [Fast Refresh] done in 3593ms @ http://localhost:3000/_next/static/chunks/node_modules_next_dist_1e8vcs8._.js:776
[   48456ms] [LOG] [Fast Refresh] done in 3593ms @ http://localhost:3000/_next/static/chunks/node_modules_next_dist_1e8vcs8._.js:776
[   48518ms] [LOG] [Fast Refresh] done in 3593ms @ http://localhost:3000/_next/static/chunks/node_modules_next_dist_1e8vcs8._.js:776
[   48580ms] [LOG] [Fast Refresh] done in 3593ms @ http://localhost:3000/_next/static/chunks/node_modules_next_dist_1e8vcs8._.js:776
[   48642ms] [LOG] [Fast Refresh] done in 3593ms @ http://localhost:3000/_next/static/chunks/node_modules_next_dist_1e8vcs8._.js:776
[   48704ms] [LOG] [Fast Refresh] done in 3593ms @ http://localhost:3000/_next/static/chunks/node_modules_next_dist_1e8vcs8._.js:776
[   48767ms] [LOG] [Fast Refresh] done in 3593ms @ http://localhost:3000/_next/static/chunks/node_modules_next_dist_1e8vcs8._.js:776
[   48828ms] [LOG] [Fast Refresh] done in 3593ms @ http://localhost:3000/_next/static/chunks/node_modules_next_dist_1e8vcs8._.js:776
[   48889ms] [LOG] [Fast Refresh] done in 3593ms @ http://localhost:3000/_next/static/chunks/node_modules_next_dist_1e8vcs8._.js:776
[   48970ms] [LOG] [Fast Refresh] done in 3593ms @ http://localhost:3000/_next/static/chunks/node_modules_next_dist_1e8vcs8._.js:776
[   49022ms] [LOG] [Fast Refresh] done in 3593ms @ http://localhost:3000/_next/static/chunks/node_modules_next_dist_1e8vcs8._.js:776
[   49084ms] [LOG] [Fast Refresh] done in 3593ms @ http://localhost:3000/_next/static/chunks/node_modules_next_dist_1e8vcs8._.js:776
[   49146ms] [LOG] [Fast Refresh] done in 3593ms @ http://localhost:3000/_next/static/chunks/node_modules_next_dist_1e8vcs8._.js:776
[   49207ms] [LOG] [Fast Refresh] done in 3593ms @ http://localhost:3000/_next/static/chunks/node_modules_next_dist_1e8vcs8._.js:776
[   49269ms] [LOG] [Fast Refresh] done in 3593ms @ http://localhost:3000/_next/static/chunks/node_modules_next_dist_1e8vcs8._.js:776
[   49342ms] [LOG] [Fast Refresh] done in 3593ms @ http://localhost:3000/_next/static/chunks/node_modules_next_dist_1e8vcs8._.js:776
[   49394ms] [LOG] [Fast Refresh] done in 3593ms @ http://localhost:3000/_next/static/chunks/node_modules_next_dist_1e8vcs8._.js:776
[   49454ms] [LOG] [Fast Refresh] done in 3593ms @ http://localhost:3000/_next/static/chunks/node_modules_next_dist_1e8vcs8._.js:776
[   49515ms] [LOG] [Fast Refresh] done in 3593ms @ http://localhost:3000/_next/static/chunks/node_modules_next_dist_1e8vcs8._.js:776
[   49578ms] [LOG] [Fast Refresh] done in 3593ms @ http://localhost:3000/_next/static/chunks/node_modules_next_dist_1e8vcs8._.js:776
[   49639ms] [LOG] [Fast Refresh] done in 3593ms @ http://localhost:3000/_next/static/chunks/node_modules_next_dist_1e8vcs8._.js:776
[   49701ms] [LOG] [Fast Refresh] done in 3593ms @ http://localhost:3000/_next/static/chunks/node_modules_next_dist_1e8vcs8._.js:776
[   49763ms] [LOG] [Fast Refresh] done in 3593ms @ http://localhost:3000/_next/static/chunks/node_modules_next_dist_1e8vcs8._.js:776
[   49825ms] [LOG] [Fast Refresh] done in 3593ms @ http://localhost:3000/_next/static/chunks/node_modules_next_dist_1e8vcs8._.js:776
[   49886ms] [LOG] [Fast Refresh] done in 3593ms @ http://localhost:3000/_next/static/chunks/node_modules_next_dist_1e8vcs8._.js:776
[   49949ms] [LOG] [Fast Refresh] done in 3593ms @ http://localhost:3000/_next/static/chunks/node_modules_next_dist_1e8vcs8._.js:776
[   50010ms] [LOG] [Fast Refresh] done in 3593ms @ http://localhost:3000/_next/static/chunks/node_modules_next_dist_1e8vcs8._.js:776
[   50072ms] [LOG] [Fast Refresh] done in 3593ms @ http://localhost:3000/_next/static/chunks/node_modules_next_dist_1e8vcs8._.js:776
[   50133ms] [LOG] [Fast Refresh] done in 3593ms @ http://localhost:3000/_next/static/chunks/node_modules_next_dist_1e8vcs8._.js:776
[   50195ms] [LOG] [Fast Refresh] done in 3593ms @ http://localhost:3000/_next/static/chunks/node_modules_next_dist_1e8vcs8._.js:776
[   50260ms] [LOG] [Fast Refresh] done in 3593ms @ http://localhost:3000/_next/static/chunks/node_modules_next_dist_1e8vcs8._.js:776
[   50323ms] [LOG] [Fast Refresh] done in 3593ms @ http://localhost:3000/_next/static/chunks/node_modules_next_dist_1e8vcs8._.js:776
[   50380ms] [LOG] [Fast Refresh] done in 3593ms @ http://localhost:3000/_next/static/chunks/node_modules_next_dist_1e8vcs8._.js:776
[   50446ms] [LOG] [Fast Refresh] done in 3593ms @ http://localhost:3000/_next/static/chunks/node_modules_next_dist_1e8vcs8._.js:776
[   50503ms] [LOG] [Fast Refresh] done in 3593ms @ http://localhost:3000/_next/static/chunks/node_modules_next_dist_1e8vcs8._.js:776
[   50567ms] [LOG] [Fast Refresh] done in 3593ms @ http://localhost:3000/_next/static/chunks/node_modules_next_dist_1e8vcs8._.js:776
[   50627ms] [LOG] [Fast Refresh] done in 3593ms @ http://localhost:3000/_next/static/chunks/node_modules_next_dist_1e8vcs8._.js:776
[   50690ms] [LOG] [Fast Refresh] done in 3593ms @ http://localhost:3000/_next/static/chunks/node_modules_next_dist_1e8vcs8._.js:776
[   50751ms] [LOG] [Fast Refresh] done in 3593ms @ http://localhost:3000/_next/static/chunks/node_modules_next_dist_1e8vcs8._.js:776
[   50813ms] [LOG] [Fast Refresh] done in 3593ms @ http://localhost:3000/_next/static/chunks/node_modules_next_dist_1e8vcs8._.js:776
[   50874ms] [LOG] [Fast Refresh] done in 3593ms @ http://localhost:3000/_next/static/chunks/node_modules_next_dist_1e8vcs8._.js:776
[   50937ms] [LOG] [Fast Refresh] done in 3593ms @ http://localhost:3000/_next/static/chunks/node_modules_next_dist_1e8vcs8._.js:776
[   50998ms] [LOG] [Fast Refresh] done in 3593ms @ http://localhost:3000/_next/static/chunks/node_modules_next_dist_1e8vcs8._.js:776
[   51059ms] [LOG] [Fast Refresh] done in 3593ms @ http://localhost:3000/_next/static/chunks/node_modules_next_dist_1e8vcs8._.js:776
[   51121ms] [LOG] [Fast Refresh] done in 3593ms @ http://localhost:3000/_next/static/chunks/node_modules_next_dist_1e8vcs8._.js:776
[   51182ms] [LOG] [Fast Refresh] done in 3593ms @ http://localhost:3000/_next/static/chunks/node_modules_next_dist_1e8vcs8._.js:776
[   51243ms] [LOG] [Fast Refresh] done in 3593ms @ http://localhost:3000/_next/static/chunks/node_modules_next_dist_1e8vcs8._.js:776
[   51305ms] [LOG] [Fast Refresh] done in 3593ms @ http://localhost:3000/_next/static/chunks/node_modules_next_dist_1e8vcs8._.js:776
[   51366ms] [LOG] [Fast Refresh] done in 3593ms @ http://localhost:3000/_next/static/chunks/node_modules_next_dist_1e8vcs8._.js:776
[   51427ms] [LOG] [Fast Refresh] done in 3593ms @ http://localhost:3000/_next/static/chunks/node_modules_next_dist_1e8vcs8._.js:776
[   51489ms] [LOG] [Fast Refresh] done in 3593ms @ http://localhost:3000/_next/static/chunks/node_modules_next_dist_1e8vcs8._.js:776
[   51557ms] [LOG] [Fast Refresh] done in 3593ms @ http://localhost:3000/_next/static/chunks/node_modules_next_dist_1e8vcs8._.js:776
[   51611ms] [LOG] [Fast Refresh] done in 3593ms @ http://localhost:3000/_next/static/chunks/node_modules_next_dist_1e8vcs8._.js:776
[   51681ms] [LOG] [Fast Refresh] done in 3593ms @ http://localhost:3000/_next/static/chunks/node_modules_next_dist_1e8vcs8._.js:776
[   51735ms] [LOG] [Fast Refresh] done in 3593ms @ http://localhost:3000/_next/static/chunks/node_modules_next_dist_1e8vcs8._.js:776
[   51797ms] [LOG] [Fast Refresh] done in 3593ms @ http://localhost:3000/_next/static/chunks/node_modules_next_dist_1e8vcs8._.js:776
[   51860ms] [LOG] [Fast Refresh] done in 3593ms @ http://localhost:3000/_next/static/chunks/node_modules_next_dist_1e8vcs8._.js:776
[   51917ms] [LOG] [Fast Refresh] done in 3593ms @ http://localhost:3000/_next/static/chunks/node_modules_next_dist_1e8vcs8._.js:776
[   51979ms] [LOG] [Fast Refresh] done in 3593ms @ http://localhost:3000/_next/static/chunks/node_modules_next_dist_1e8vcs8._.js:776
[   52041ms] [LOG] [Fast Refresh] done in 3593ms @ http://localhost:3000/_next/static/chunks/node_modules_next_dist_1e8vcs8._.js:776
[   52102ms] [LOG] [Fast Refresh] done in 3593ms @ http://localhost:3000/_next/static/chunks/node_modules_next_dist_1e8vcs8._.js:776
[   52163ms] [LOG] [Fast Refresh] done in 3593ms @ http://localhost:3000/_next/static/chunks/node_modules_next_dist_1e8vcs8._.js:776
[   52226ms] [LOG] [Fast Refresh] done in 3593ms @ http://localhost:3000/_next/static/chunks/node_modules_next_dist_1e8vcs8._.js:776
[   52287ms] [LOG] [Fast Refresh] done in 3593ms @ http://localhost:3000/_next/static/chunks/node_modules_next_dist_1e8vcs8._.js:776
[   52348ms] [LOG] [Fast Refresh] done in 3593ms @ http://localhost:3000/_next/static/chunks/node_modules_next_dist_1e8vcs8._.js:776
[   52411ms] [LOG] [Fast Refresh] done in 3593ms @ http://localhost:3000/_next/static/chunks/node_modules_next_dist_1e8vcs8._.js:776
[   52472ms] [LOG] [Fast Refresh] done in 3593ms @ http://localhost:3000/_next/static/chunks/node_modules_next_dist_1e8vcs8._.js:776
[   52538ms] [LOG] [Fast Refresh] done in 3593ms @ http://localhost:3000/_next/static/chunks/node_modules_next_dist_1e8vcs8._.js:776
[   52599ms] [LOG] [Fast Refresh] done in 3593ms @ http://localhost:3000/_next/static/chunks/node_modules_next_dist_1e8vcs8._.js:776
[   52662ms] [LOG] [Fast Refresh] done in 3593ms @ http://localhost:3000/_next/static/chunks/node_modules_next_dist_1e8vcs8._.js:776
[   52725ms] [LOG] [Fast Refresh] done in 3593ms @ http://localhost:3000/_next/static/chunks/node_modules_next_dist_1e8vcs8._.js:776
[   52788ms] [LOG] [Fast Refresh] done in 3593ms @ http://localhost:3000/_next/static/chunks/node_modules_next_dist_1e8vcs8._.js:776
[   52849ms] [LOG] [Fast Refresh] done in 3593ms @ http://localhost:3000/_next/static/chunks/node_modules_next_dist_1e8vcs8._.js:776
[   52912ms] [LOG] [Fast Refresh] done in 3593ms @ http://localhost:3000/_next/static/chunks/node_modules_next_dist_1e8vcs8._.js:776
[   52974ms] [LOG] [Fast Refresh] done in 3593ms @ http://localhost:3000/_next/static/chunks/node_modules_next_dist_1e8vcs8._.js:776
[   53036ms] [LOG] [Fast Refresh] done in 3593ms @ http://localhost:3000/_next/static/chunks/node_modules_next_dist_1e8vcs8._.js:776
[   53098ms] [LOG] [Fast Refresh] done in 3593ms @ http://localhost:3000/_next/static/chunks/node_modules_next_dist_1e8vcs8._.js:776
[   53160ms] [LOG] [Fast Refresh] done in 3593ms @ http://localhost:3000/_next/static/chunks/node_modules_next_dist_1e8vcs8._.js:776
[   53222ms] [LOG] [Fast Refresh] done in 3593ms @ http://localhost:3000/_next/static/chunks/node_modules_next_dist_1e8vcs8._.js:776
[   53284ms] [LOG] [Fast Refresh] done in 3593ms @ http://localhost:3000/_next/static/chunks/node_modules_next_dist_1e8vcs8._.js:776
[   53346ms] [LOG] [Fast Refresh] done in 3593ms @ http://localhost:3000/_next/static/chunks/node_modules_next_dist_1e8vcs8._.js:776
[   53407ms] [LOG] [Fast Refresh] done in 3593ms @ http://localhost:3000/_next/static/chunks/node_modules_next_dist_1e8vcs8._.js:776
[   53469ms] [LOG] [Fast Refresh] done in 3593ms @ http://localhost:3000/_next/static/chunks/node_modules_next_dist_1e8vcs8._.js:776
[   53532ms] [LOG] [Fast Refresh] done in 3593ms @ http://localhost:3000/_next/static/chunks/node_modules_next_dist_1e8vcs8._.js:776
[   53593ms] [LOG] [Fast Refresh] done in 3593ms @ http://localhost:3000/_next/static/chunks/node_modules_next_dist_1e8vcs8._.js:776
[   53655ms] [LOG] [Fast Refresh] done in 3593ms @ http://localhost:3000/_next/static/chunks/node_modules_next_dist_1e8vcs8._.js:776
[   53717ms] [LOG] [Fast Refresh] done in 3593ms @ http://localhost:3000/_next/static/chunks/node_modules_next_dist_1e8vcs8._.js:776
[   53779ms] [LOG] [Fast Refresh] done in 3593ms @ http://localhost:3000/_next/static/chunks/node_modules_next_dist_1e8vcs8._.js:776
[   53840ms] [LOG] [Fast Refresh] done in 3593ms @ http://localhost:3000/_next/static/chunks/node_modules_next_dist_1e8vcs8._.js:776
[   53902ms] [LOG] [Fast Refresh] done in 3593ms @ http://localhost:3000/_next/static/chunks/node_modules_next_dist_1e8vcs8._.js:776
[   53963ms] [LOG] [Fast Refresh] done in 3593ms @ http://localhost:3000/_next/static/chunks/node_modules_next_dist_1e8vcs8._.js:776
[   54024ms] [LOG] [Fast Refresh] done in 3593ms @ http://localhost:3000/_next/static/chunks/node_modules_next_dist_1e8vcs8._.js:776
[   54086ms] [LOG] [Fast Refresh] done in 3593ms @ http://localhost:3000/_next/static/chunks/node_modules_next_dist_1e8vcs8._.js:776
[   54147ms] [LOG] [Fast Refresh] done in 3593ms @ http://localhost:3000/_next/static/chunks/node_modules_next_dist_1e8vcs8._.js:776
[   54209ms] [LOG] [Fast Refresh] done in 3593ms @ http://localhost:3000/_next/static/chunks/node_modules_next_dist_1e8vcs8._.js:776
[   54270ms] [LOG] [Fast Refresh] done in 3593ms @ http://localhost:3000/_next/static/chunks/node_modules_next_dist_1e8vcs8._.js:776
[   54332ms] [LOG] [Fast Refresh] done in 3593ms @ http://localhost:3000/_next/static/chunks/node_modules_next_dist_1e8vcs8._.js:776
[   54393ms] [LOG] [Fast Refresh] done in 3593ms @ http://localhost:3000/_next/static/chunks/node_modules_next_dist_1e8vcs8._.js:776
[   54455ms] [LOG] [Fast Refresh] done in 3593ms @ http://localhost:3000/_next/static/chunks/node_modules_next_dist_1e8vcs8._.js:776
[   54530ms] [LOG] [Fast Refresh] done in 3593ms @ http://localhost:3000/_next/static/chunks/node_modules_next_dist_1e8vcs8._.js:776
[   54609ms] [LOG] [Fast Refresh] done in 3593ms @ http://localhost:3000/_next/static/chunks/node_modules_next_dist_1e8vcs8._.js:776
[   54685ms] [LOG] [Fast Refresh] done in 3593ms @ http://localhost:3000/_next/static/chunks/node_modules_next_dist_1e8vcs8._.js:776
[   54794ms] [LOG] [Fast Refresh] done in 3593ms @ http://localhost:3000/_next/static/chunks/node_modules_next_dist_1e8vcs8._.js:776
[   54856ms] [LOG] [Fast Refresh] done in 3593ms @ http://localhost:3000/_next/static/chunks/node_modules_next_dist_1e8vcs8._.js:776
[   54917ms] [LOG] [Fast Refresh] done in 3593ms @ http://localhost:3000/_next/static/chunks/node_modules_next_dist_1e8vcs8._.js:776
[   54979ms] [LOG] [Fast Refresh] done in 3593ms @ http://localhost:3000/_next/static/chunks/node_modules_next_dist_1e8vcs8._.js:776
[   55040ms] [LOG] [Fast Refresh] done in 3593ms @ http://localhost:3000/_next/static/chunks/node_modules_next_dist_1e8vcs8._.js:776
[   55102ms] [LOG] [Fast Refresh] done in 3593ms @ http://localhost:3000/_next/static/chunks/node_modules_next_dist_1e8vcs8._.js:776
[   55163ms] [LOG] [Fast Refresh] done in 3593ms @ http://localhost:3000/_next/static/chunks/node_modules_next_dist_1e8vcs8._.js:776
[   55225ms] [LOG] [Fast Refresh] done in 3593ms @ http://localhost:3000/_next/static/chunks/node_modules_next_dist_1e8vcs8._.js:776
[   55286ms] [LOG] [Fast Refresh] done in 3593ms @ http://localhost:3000/_next/static/chunks/node_modules_next_dist_1e8vcs8._.js:776
[   55348ms] [LOG] [Fast Refresh] done in 3593ms @ http://localhost:3000/_next/static/chunks/node_modules_next_dist_1e8vcs8._.js:776
[   55410ms] [LOG] [Fast Refresh] done in 3593ms @ http://localhost:3000/_next/static/chunks/node_modules_next_dist_1e8vcs8._.js:776
[   55471ms] [LOG] [Fast Refresh] done in 3593ms @ http://localhost:3000/_next/static/chunks/node_modules_next_dist_1e8vcs8._.js:776
[   55533ms] [LOG] [Fast Refresh] done in 3593ms @ http://localhost:3000/_next/static/chunks/node_modules_next_dist_1e8vcs8._.js:776
[   55597ms] [LOG] [Fast Refresh] done in 3593ms @ http://localhost:3000/_next/static/chunks/node_modules_next_dist_1e8vcs8._.js:776
[   55659ms] [LOG] [Fast Refresh] done in 3593ms @ http://localhost:3000/_next/static/chunks/node_modules_next_dist_1e8vcs8._.js:776
[   55721ms] [LOG] [Fast Refresh] done in 3593ms @ http://localhost:3000/_next/static/chunks/node_modules_next_dist_1e8vcs8._.js:776
[   55783ms] [LOG] [Fast Refresh] done in 3593ms @ http://localhost:3000/_next/static/chunks/node_modules_next_dist_1e8vcs8._.js:776
[   55845ms] [LOG] [Fast Refresh] done in 3593ms @ http://localhost:3000/_next/static/chunks/node_modules_next_dist_1e8vcs8._.js:776
[   55906ms] [LOG] [Fast Refresh] done in 3593ms @ http://localhost:3000/_next/static/chunks/node_modules_next_dist_1e8vcs8._.js:776
[   55970ms] [LOG] [Fast Refresh] done in 3593ms @ http://localhost:3000/_next/static/chunks/node_modules_next_dist_1e8vcs8._.js:776
[   56031ms] [LOG] [Fast Refresh] done in 3593ms @ http://localhost:3000/_next/static/chunks/node_modules_next_dist_1e8vcs8._.js:776
[   56092ms] [LOG] [Fast Refresh] done in 3593ms @ http://localhost:3000/_next/static/chunks/node_modules_next_dist_1e8vcs8._.js:776
[   56154ms] [LOG] [Fast Refresh] done in 3593ms @ http://localhost:3000/_next/static/chunks/node_modules_next_dist_1e8vcs8._.js:776
[   56216ms] [LOG] [Fast Refresh] done in 3593ms @ http://localhost:3000/_next/static/chunks/node_modules_next_dist_1e8vcs8._.js:776
[   56277ms] [LOG] [Fast Refresh] done in 3593ms @ http://localhost:3000/_next/static/chunks/node_modules_next_dist_1e8vcs8._.js:776
[   56339ms] [LOG] [Fast Refresh] done in 3593ms @ http://localhost:3000/_next/static/chunks/node_modules_next_dist_1e8vcs8._.js:776
[   56400ms] [LOG] [Fast Refresh] done in 3593ms @ http://localhost:3000/_next/static/chunks/node_modules_next_dist_1e8vcs8._.js:776
[   56490ms] [LOG] [Fast Refresh] done in 3593ms @ http://localhost:3000/_next/static/chunks/node_modules_next_dist_1e8vcs8._.js:776
[   56549ms] [LOG] [Fast Refresh] done in 3593ms @ http://localhost:3000/_next/static/chunks/node_modules_next_dist_1e8vcs8._.js:776
[   56611ms] [LOG] [Fast Refresh] done in 3593ms @ http://localhost:3000/_next/static/chunks/node_modules_next_dist_1e8vcs8._.js:776
[   56673ms] [LOG] [Fast Refresh] done in 3593ms @ http://localhost:3000/_next/static/chunks/node_modules_next_dist_1e8vcs8._.js:776
[   56734ms] [LOG] [Fast Refresh] done in 3593ms @ http://localhost:3000/_next/static/chunks/node_modules_next_dist_1e8vcs8._.js:776
[   56796ms] [LOG] [Fast Refresh] done in 3593ms @ http://localhost:3000/_next/static/chunks/node_modules_next_dist_1e8vcs8._.js:776
[   56858ms] [LOG] [Fast Refresh] done in 3593ms @ http://localhost:3000/_next/static/chunks/node_modules_next_dist_1e8vcs8._.js:776
[   56917ms] [LOG] [Fast Refresh] done in 3593ms @ http://localhost:3000/_next/static/chunks/node_modules_next_dist_1e8vcs8._.js:776
[   56978ms] [LOG] [Fast Refresh] done in 3593ms @ http://localhost:3000/_next/static/chunks/node_modules_next_dist_1e8vcs8._.js:776
[   57040ms] [LOG] [Fast Refresh] done in 3593ms @ http://localhost:3000/_next/static/chunks/node_modules_next_dist_1e8vcs8._.js:776
[   57103ms] [LOG] [Fast Refresh] done in 3593ms @ http://localhost:3000/_next/static/chunks/node_modules_next_dist_1e8vcs8._.js:776
[   57163ms] [LOG] [Fast Refresh] done in 3593ms @ http://localhost:3000/_next/static/chunks/node_modules_next_dist_1e8vcs8._.js:776
[   57226ms] [LOG] [Fast Refresh] done in 3593ms @ http://localhost:3000/_next/static/chunks/node_modules_next_dist_1e8vcs8._.js:776
[   57288ms] [LOG] [Fast Refresh] done in 3593ms @ http://localhost:3000/_next/static/chunks/node_modules_next_dist_1e8vcs8._.js:776
[   57350ms] [LOG] [Fast Refresh] done in 3593ms @ http://localhost:3000/_next/static/chunks/node_modules_next_dist_1e8vcs8._.js:776
[   57413ms] [LOG] [Fast Refresh] done in 3593ms @ http://localhost:3000/_next/static/chunks/node_modules_next_dist_1e8vcs8._.js:776
[   57474ms] [LOG] [Fast Refresh] done in 3593ms @ http://localhost:3000/_next/static/chunks/node_modules_next_dist_1e8vcs8._.js:776
[   57535ms] [LOG] [Fast Refresh] done in 3593ms @ http://localhost:3000/_next/static/chunks/node_modules_next_dist_1e8vcs8._.js:776
[   57597ms] [LOG] [Fast Refresh] done in 3593ms @ http://localhost:3000/_next/static/chunks/node_modules_next_dist_1e8vcs8._.js:776
[   57658ms] [LOG] [Fast Refresh] done in 3593ms @ http://localhost:3000/_next/static/chunks/node_modules_next_dist_1e8vcs8._.js:776
[   57720ms] [LOG] [Fast Refresh] done in 3593ms @ http://localhost:3000/_next/static/chunks/node_modules_next_dist_1e8vcs8._.js:776
[   57782ms] [LOG] [Fast Refresh] done in 3593ms @ http://localhost:3000/_next/static/chunks/node_modules_next_dist_1e8vcs8._.js:776
[   57843ms] [LOG] [Fast Refresh] done in 3593ms @ http://localhost:3000/_next/static/chunks/node_modules_next_dist_1e8vcs8._.js:776
[   57905ms] [LOG] [Fast Refresh] done in 3593ms @ http://localhost:3000/_next/static/chunks/node_modules_next_dist_1e8vcs8._.js:776
[   57962ms] [LOG] [Fast Refresh] done in 3593ms @ http://localhost:3000/_next/static/chunks/node_modules_next_dist_1e8vcs8._.js:776
[   58024ms] [LOG] [Fast Refresh] done in 3593ms @ http://localhost:3000/_next/static/chunks/node_modules_next_dist_1e8vcs8._.js:776
[   58087ms] [LOG] [Fast Refresh] done in 3593ms @ http://localhost:3000/_next/static/chunks/node_modules_next_dist_1e8vcs8._.js:776
[   58148ms] [LOG] [Fast Refresh] done in 3593ms @ http://localhost:3000/_next/static/chunks/node_modules_next_dist_1e8vcs8._.js:776
[   58211ms] [LOG] [Fast Refresh] done in 3593ms @ http://localhost:3000/_next/static/chunks/node_modules_next_dist_1e8vcs8._.js:776
[   58273ms] [LOG] [Fast Refresh] done in 3593ms @ http://localhost:3000/_next/static/chunks/node_modules_next_dist_1e8vcs8._.js:776
[   58336ms] [LOG] [Fast Refresh] done in 3593ms @ http://localhost:3000/_next/static/chunks/node_modules_next_dist_1e8vcs8._.js:776
[   58398ms] [LOG] [Fast Refresh] done in 3593ms @ http://localhost:3000/_next/static/chunks/node_modules_next_dist_1e8vcs8._.js:776
[   58461ms] [LOG] [Fast Refresh] done in 3593ms @ http://localhost:3000/_next/static/chunks/node_modules_next_dist_1e8vcs8._.js:776
[   58524ms] [LOG] [Fast Refresh] done in 3593ms @ http://localhost:3000/_next/static/chunks/node_modules_next_dist_1e8vcs8._.js:776
[   58587ms] [LOG] [Fast Refresh] done in 3593ms @ http://localhost:3000/_next/static/chunks/node_modules_next_dist_1e8vcs8._.js:776
[   58649ms] [LOG] [Fast Refresh] done in 3593ms @ http://localhost:3000/_next/static/chunks/node_modules_next_dist_1e8vcs8._.js:776
[   58711ms] [LOG] [Fast Refresh] done in 3593ms @ http://localhost:3000/_next/static/chunks/node_modules_next_dist_1e8vcs8._.js:776
[   58772ms] [LOG] [Fast Refresh] done in 3593ms @ http://localhost:3000/_next/static/chunks/node_modules_next_dist_1e8vcs8._.js:776
[   58833ms] [LOG] [Fast Refresh] done in 3593ms @ http://localhost:3000/_next/static/chunks/node_modules_next_dist_1e8vcs8._.js:776
[   58895ms] [LOG] [Fast Refresh] done in 3593ms @ http://localhost:3000/_next/static/chunks/node_modules_next_dist_1e8vcs8._.js:776
[   58958ms] [LOG] [Fast Refresh] done in 3593ms @ http://localhost:3000/_next/static/chunks/node_modules_next_dist_1e8vcs8._.js:776
[   59019ms] [LOG] [Fast Refresh] done in 3593ms @ http://localhost:3000/_next/static/chunks/node_modules_next_dist_1e8vcs8._.js:776
[   59082ms] [LOG] [Fast Refresh] done in 3593ms @ http://localhost:3000/_next/static/chunks/node_modules_next_dist_1e8vcs8._.js:776
[   59144ms] [LOG] [Fast Refresh] done in 3593ms @ http://localhost:3000/_next/static/chunks/node_modules_next_dist_1e8vcs8._.js:776
[   59206ms] [LOG] [Fast Refresh] done in 3593ms @ http://localhost:3000/_next/static/chunks/node_modules_next_dist_1e8vcs8._.js:776
[   59268ms] [LOG] [Fast Refresh] done in 3593ms @ http://localhost:3000/_next/static/chunks/node_modules_next_dist_1e8vcs8._.js:776
[   59331ms] [LOG] [Fast Refresh] done in 3593ms @ http://localhost:3000/_next/static/chunks/node_modules_next_dist_1e8vcs8._.js:776
[   59393ms] [LOG] [Fast Refresh] done in 3593ms @ http://localhost:3000/_next/static/chunks/node_modules_next_dist_1e8vcs8._.js:776
[   59455ms] [LOG] [Fast Refresh] done in 3593ms @ http://localhost:3000/_next/static/chunks/node_modules_next_dist_1e8vcs8._.js:776
[   59516ms] [LOG] [Fast Refresh] done in 3593ms @ http://localhost:3000/_next/static/chunks/node_modules_next_dist_1e8vcs8._.js:776
[   59580ms] [LOG] [Fast Refresh] done in 3593ms @ http://localhost:3000/_next/static/chunks/node_modules_next_dist_1e8vcs8._.js:776
[   59642ms] [LOG] [Fast Refresh] done in 3593ms @ http://localhost:3000/_next/static/chunks/node_modules_next_dist_1e8vcs8._.js:776
[   59699ms] [LOG] [Fast Refresh] done in 3593ms @ http://localhost:3000/_next/static/chunks/node_modules_next_dist_1e8vcs8._.js:776
[   59757ms] [LOG] [Fast Refresh] done in 3593ms @ http://localhost:3000/_next/static/chunks/node_modules_next_dist_1e8vcs8._.js:776
[   59818ms] [LOG] [Fast Refresh] done in 3593ms @ http://localhost:3000/_next/static/chunks/node_modules_next_dist_1e8vcs8._.js:776
[   59880ms] [LOG] [Fast Refresh] done in 3593ms @ http://localhost:3000/_next/static/chunks/node_modules_next_dist_1e8vcs8._.js:776
[   59935ms] [LOG] [Fast Refresh] done in 3593ms @ http://localhost:3000/_next/static/chunks/node_modules_next_dist_1e8vcs8._.js:776
[   59995ms] [LOG] [Fast Refresh] done in 3593ms @ http://localhost:3000/_next/static/chunks/node_modules_next_dist_1e8vcs8._.js:776
[   60057ms] [LOG] [Fast Refresh] done in 3593ms @ http://localhost:3000/_next/static/chunks/node_modules_next_dist_1e8vcs8._.js:776
[   60118ms] [LOG] [Fast Refresh] done in 3593ms @ http://localhost:3000/_next/static/chunks/node_modules_next_dist_1e8vcs8._.js:776
[   60180ms] [LOG] [Fast Refresh] done in 3593ms @ http://localhost:3000/_next/static/chunks/node_modules_next_dist_1e8vcs8._.js:776
[   60242ms] [LOG] [Fast Refresh] done in 3593ms @ http://localhost:3000/_next/static/chunks/node_modules_next_dist_1e8vcs8._.js:776
[   60310ms] [LOG] [Fast Refresh] done in 3593ms @ http://localhost:3000/_next/static/chunks/node_modules_next_dist_1e8vcs8._.js:776
[   60362ms] [LOG] [Fast Refresh] done in 3593ms @ http://localhost:3000/_next/static/chunks/node_modules_next_dist_1e8vcs8._.js:776
[   60437ms] [LOG] [Fast Refresh] done in 3593ms @ http://localhost:3000/_next/static/chunks/node_modules_next_dist_1e8vcs8._.js:776
[   60502ms] [LOG] [Fast Refresh] done in 3593ms @ http://localhost:3000/_next/static/chunks/node_modules_next_dist_1e8vcs8._.js:776
[   60564ms] [LOG] [Fast Refresh] done in 3593ms @ http://localhost:3000/_next/static/chunks/node_modules_next_dist_1e8vcs8._.js:776
[   60626ms] [LOG] [Fast Refresh] done in 3593ms @ http://localhost:3000/_next/static/chunks/node_modules_next_dist_1e8vcs8._.js:776
[   60687ms] [LOG] [Fast Refresh] done in 3593ms @ http://localhost:3000/_next/static/chunks/node_modules_next_dist_1e8vcs8._.js:776
[   60749ms] [LOG] [Fast Refresh] done in 3593ms @ http://localhost:3000/_next/static/chunks/node_modules_next_dist_1e8vcs8._.js:776
[   60810ms] [LOG] [Fast Refresh] done in 3593ms @ http://localhost:3000/_next/static/chunks/node_modules_next_dist_1e8vcs8._.js:776
[   60873ms] [LOG] [Fast Refresh] done in 3593ms @ http://localhost:3000/_next/static/chunks/node_modules_next_dist_1e8vcs8._.js:776
[   60934ms] [LOG] [Fast Refresh] done in 3593ms @ http://localhost:3000/_next/static/chunks/node_modules_next_dist_1e8vcs8._.js:776
[   60997ms] [LOG] [Fast Refresh] done in 3593ms @ http://localhost:3000/_next/static/chunks/node_modules_next_dist_1e8vcs8._.js:776
[   61060ms] [LOG] [Fast Refresh] done in 3593ms @ http://localhost:3000/_next/static/chunks/node_modules_next_dist_1e8vcs8._.js:776
[   61130ms] [LOG] [Fast Refresh] done in 3593ms @ http://localhost:3000/_next/static/chunks/node_modules_next_dist_1e8vcs8._.js:776
[   61209ms] [LOG] [Fast Refresh] done in 3593ms @ http://localhost:3000/_next/static/chunks/node_modules_next_dist_1e8vcs8._.js:776
[   61271ms] [LOG] [Fast Refresh] done in 3593ms @ http://localhost:3000/_next/static/chunks/node_modules_next_dist_1e8vcs8._.js:776
[   61333ms] [LOG] [Fast Refresh] done in 3593ms @ http://localhost:3000/_next/static/chunks/node_modules_next_dist_1e8vcs8._.js:776
[   61395ms] [LOG] [Fast Refresh] done in 3593ms @ http://localhost:3000/_next/static/chunks/node_modules_next_dist_1e8vcs8._.js:776
[   61459ms] [LOG] [Fast Refresh] done in 3593ms @ http://localhost:3000/_next/static/chunks/node_modules_next_dist_1e8vcs8._.js:776
[   61520ms] [LOG] [Fast Refresh] done in 3593ms @ http://localhost:3000/_next/static/chunks/node_modules_next_dist_1e8vcs8._.js:776
[   61582ms] [LOG] [Fast Refresh] done in 3593ms @ http://localhost:3000/_next/static/chunks/node_modules_next_dist_1e8vcs8._.js:776
[   61643ms] [LOG] [Fast Refresh] done in 3593ms @ http://localhost:3000/_next/static/chunks/node_modules_next_dist_1e8vcs8._.js:776
[   61706ms] [LOG] [Fast Refresh] done in 3593ms @ http://localhost:3000/_next/static/chunks/node_modules_next_dist_1e8vcs8._.js:776
[   61769ms] [LOG] [Fast Refresh] done in 3593ms @ http://localhost:3000/_next/static/chunks/node_modules_next_dist_1e8vcs8._.js:776
[   61865ms] [LOG] [Fast Refresh] done in 3593ms @ http://localhost:3000/_next/static/chunks/node_modules_next_dist_1e8vcs8._.js:776
[   61946ms] [LOG] [Fast Refresh] done in 3593ms @ http://localhost:3000/_next/static/chunks/node_modules_next_dist_1e8vcs8._.js:776
[   62008ms] [LOG] [Fast Refresh] done in 3593ms @ http://localhost:3000/_next/static/chunks/node_modules_next_dist_1e8vcs8._.js:776
[   62072ms] [LOG] [Fast Refresh] done in 3593ms @ http://localhost:3000/_next/static/chunks/node_modules_next_dist_1e8vcs8._.js:776
[   62135ms] [LOG] [Fast Refresh] done in 3593ms @ http://localhost:3000/_next/static/chunks/node_modules_next_dist_1e8vcs8._.js:776
[   62228ms] [LOG] [Fast Refresh] done in 3593ms @ http://localhost:3000/_next/static/chunks/node_modules_next_dist_1e8vcs8._.js:776
[   62290ms] [LOG] [Fast Refresh] done in 3593ms @ http://localhost:3000/_next/static/chunks/node_modules_next_dist_1e8vcs8._.js:776
[   62352ms] [LOG] [Fast Refresh] done in 3593ms @ http://localhost:3000/_next/static/chunks/node_modules_next_dist_1e8vcs8._.js:776
[   62415ms] [LOG] [Fast Refresh] done in 3593ms @ http://localhost:3000/_next/static/chunks/node_modules_next_dist_1e8vcs8._.js:776
[   62481ms] [LOG] [Fast Refresh] done in 3593ms @ http://localhost:3000/_next/static/chunks/node_modules_next_dist_1e8vcs8._.js:776
[   62558ms] [LOG] [Fast Refresh] done in 3593ms @ http://localhost:3000/_next/static/chunks/node_modules_next_dist_1e8vcs8._.js:776
[   62620ms] [LOG] [Fast Refresh] done in 3593ms @ http://localhost:3000/_next/static/chunks/node_modules_next_dist_1e8vcs8._.js:776
[   62682ms] [LOG] [Fast Refresh] done in 3593ms @ http://localhost:3000/_next/static/chunks/node_modules_next_dist_1e8vcs8._.js:776
[   62745ms] [LOG] [Fast Refresh] done in 3593ms @ http://localhost:3000/_next/static/chunks/node_modules_next_dist_1e8vcs8._.js:776
[   62808ms] [LOG] [Fast Refresh] done in 3593ms @ http://localhost:3000/_next/static/chunks/node_modules_next_dist_1e8vcs8._.js:776
[   62869ms] [LOG] [Fast Refresh] done in 3593ms @ http://localhost:3000/_next/static/chunks/node_modules_next_dist_1e8vcs8._.js:776
[   62931ms] [LOG] [Fast Refresh] done in 3593ms @ http://localhost:3000/_next/static/chunks/node_modules_next_dist_1e8vcs8._.js:776
